# ลิ้งค์ GitHub
## https://github.com/65030179179Pattarapon/smart_config.git
---
```
load:0x40080404,len:3904
entry 0x40080640
I (31) boot: ESP-IDF v5.3.1 2nd stage bootloader
I (31) boot: compile time Oct 31 2024 01:12:00
I (31) boot: Multicore bootloader
I (35) boot: chip revision: v1.0
I (39) boot.esp32: SPI Speed      : 40MHz
I (44) boot.esp32: SPI Mode       : DIO
I (48) boot.esp32: SPI Flash Size : 2MB
I (53) boot: Enabling RNG early entropy source...
I (58) boot: Partition Table:
I (62) boot: ## Label            Usage          Type ST Offset   Length
I (69) boot:  0 nvs              WiFi data        01 02 00009000 00006000
I (76) boot:  1 phy_init         RF data          01 01 0000f000 00001000
I (84) boot:  2 factory          factory app      00 00 00010000 00100000
I (91) boot: End of partition table
I (96) esp_image: segment 0: paddr=00010020 vaddr=3f400020 size=20de4h (134628) map
I (150) esp_image: segment 1: paddr=00030e0c vaddr=3ffb0000 size=03f00h ( 16128) load
I (156) esp_image: segment 2: paddr=00034d14 vaddr=40080000 size=0b304h ( 45828) load
I (175) esp_image: segment 3: paddr=00040020 vaddr=400d0020 size=8df9ch (581532) map
I (374) esp_image: segment 4: paddr=000cdfc4 vaddr=4008b304 size=0c048h ( 49224) load
I (405) boot: Loaded app from partition at offset 0x10000        
I (405) boot: Disabling RNG early entropy source...
I (417) cpu_start: Multicore app
I (426) cpu_start: Pro cpu start user code
I (426) cpu_start: cpu freq: 160000000 Hz
I (426) app_init: Application information:
I (429) app_init: Project name:     smart_config
I (434) app_init: App version:      1
I (438) app_init: Compile time:     Oct 31 2024 01:11:40
I (444) app_init: ELF file SHA256:  41a87b091...
I (450) app_init: ESP-IDF:          v5.3.1
I (455) efuse_init: Min chip rev:     v0.0
I (459) efuse_init: Max chip rev:     v3.99
I (464) efuse_init: Chip rev:         v1.0
I (469) heap_init: Initializing. RAM available for dynamic allocation:
I (476) heap_init: At 3FFAE6E0 len 00001920 (6 KiB): DRAM        
I (482) heap_init: At 3FFB8358 len 00027CA8 (159 KiB): DRAM
I (489) heap_init: At 3FFE0440 len 00003AE0 (14 KiB): D/IRAM     
I (495) heap_init: At 3FFE4350 len 0001BCB0 (111 KiB): D/IRAM
I (501) heap_init: At 4009734C len 00008CB4 (35 KiB): IRAM       
I (509) spi_flash: detected chip: generic
I (512) spi_flash: flash io: dio
W (516) spi_flash: Detected size(4096k) larger than the size in the binary image header(2048k). Using the size in the binary image header.
I (530) main_task: Started on CPU0
I (540) main_task: Calling app_main()
I (570) wifi:wifi driver task: 3ffc030c, prio:23, stack:6656, core=0
I (580) wifi:wifi firmware version: ccaebfa
I (580) wifi:wifi certification version: v7.0
I (580) wifi:config NVS flash: enabled
I (580) wifi:config nano formating: disabled
I (580) wifi:Init data frame dynamic rx buffer num: 32
I (590) wifi:Init static rx mgmt buffer num: 5
I (590) wifi:Init management short buffer num: 32
I (600) wifi:Init dynamic tx buffer num: 32
I (600) wifi:Init static rx buffer size: 1600
I (610) wifi:Init static rx buffer num: 10
I (610) wifi:Init dynamic rx buffer num: 32
I (610) wifi_init: rx ba win: 6
I (620) wifi_init: accept mbox: 6
I (620) wifi_init: tcpip mbox: 32
I (620) wifi_init: udp mbox: 6
I (630) wifi_init: tcp mbox: 6
I (630) wifi_init: tcp tx win: 5760
I (640) wifi_init: tcp rx win: 5760
I (640) wifi_init: tcp mss: 1440
I (650) phy_init: phy_version 4830,54550f7,Jun 20 2024,14:22:08  
I (730) wifi:mode : sta (10:52:1c:75:f8:30)
I (730) wifi:enable tsf
I (730) main_task: Returned from app_main()
I (790) smartconfig: SC version: V3.0.1
I (5620) wifi:ic_enable_sniffer
I (5620) smartconfig: Start to find channel...
I (5630) smartconfig_example: Scan done
I (190370) smartconfig: TYPE: ESPTOUCH
I (190370) smartconfig: Found channel on 1-0. Start to get ssid and password...
I (190370) smartconfig_example: Found channel
I (236370) wifi:ic_disable_sniffer
I (236370) smartconfig: smartconfig restart
I (236420) smartconfig: SC version: V3.0.1
I (241250) wifi:ic_enable_sniffer
I (241250) smartconfig: Start to find channel...
I (241250) smartconfig_example: Scan done
```
